Archive member included to satisfy reference by file (symbol)

c:/ac6/systemworkbench/plugins/fr.ac6.mcu.externaltools.arm-none.win32_1.13.1.201701261202/tools/compiler/bin/../lib/gcc/arm-none-eabi/5.4.1/../../../../arm-none-eabi/lib/armv6-m\libc.a(lib_a-exit.o)
                              c:/ac6/systemworkbench/plugins/fr.ac6.mcu.externaltools.arm-none.win32_1.13.1.201701261202/tools/compiler/bin/../lib/gcc/arm-none-eabi/5.4.1/../../../../arm-none-eabi/lib/armv6-m/crt0.o (exit)
c:/ac6/systemworkbench/plugins/fr.ac6.mcu.externaltools.arm-none.win32_1.13.1.201701261202/tools/compiler/bin/../lib/gcc/arm-none-eabi/5.4.1/../../../../arm-none-eabi/lib/armv6-m\libc.a(lib_a-impure.o)
                              c:/ac6/systemworkbench/plugins/fr.ac6.mcu.externaltools.arm-none.win32_1.13.1.201701261202/tools/compiler/bin/../lib/gcc/arm-none-eabi/5.4.1/../../../../arm-none-eabi/lib/armv6-m\libc.a(lib_a-exit.o) (_global_impure_ptr)
c:/ac6/systemworkbench/plugins/fr.ac6.mcu.externaltools.arm-none.win32_1.13.1.201701261202/tools/compiler/bin/../lib/gcc/arm-none-eabi/5.4.1/../../../../arm-none-eabi/lib/armv6-m\libc.a(lib_a-init.o)
                              c:/ac6/systemworkbench/plugins/fr.ac6.mcu.externaltools.arm-none.win32_1.13.1.201701261202/tools/compiler/bin/../lib/gcc/arm-none-eabi/5.4.1/../../../../arm-none-eabi/lib/armv6-m/crt0.o (__libc_init_array)
c:/ac6/systemworkbench/plugins/fr.ac6.mcu.externaltools.arm-none.win32_1.13.1.201701261202/tools/compiler/bin/../lib/gcc/arm-none-eabi/5.4.1/../../../../arm-none-eabi/lib/armv6-m\libc.a(lib_a-memcpy-stub.o)
                              src/si4463.o (memcpy)
c:/ac6/systemworkbench/plugins/fr.ac6.mcu.externaltools.arm-none.win32_1.13.1.201701261202/tools/compiler/bin/../lib/gcc/arm-none-eabi/5.4.1/../../../../arm-none-eabi/lib/armv6-m\libc.a(lib_a-memset.o)
                              c:/ac6/systemworkbench/plugins/fr.ac6.mcu.externaltools.arm-none.win32_1.13.1.201701261202/tools/compiler/bin/../lib/gcc/arm-none-eabi/5.4.1/../../../../arm-none-eabi/lib/armv6-m/crt0.o (memset)
c:/ac6/systemworkbench/plugins/fr.ac6.mcu.externaltools.arm-none.win32_1.13.1.201701261202/tools/compiler/bin/../lib/gcc/arm-none-eabi/5.4.1/../../../../arm-none-eabi/lib/armv6-m\libc.a(lib_a-__call_atexit.o)
                              c:/ac6/systemworkbench/plugins/fr.ac6.mcu.externaltools.arm-none.win32_1.13.1.201701261202/tools/compiler/bin/../lib/gcc/arm-none-eabi/5.4.1/../../../../arm-none-eabi/lib/armv6-m\libc.a(lib_a-exit.o) (__call_exitprocs)
c:/ac6/systemworkbench/plugins/fr.ac6.mcu.externaltools.arm-none.win32_1.13.1.201701261202/tools/compiler/bin/../lib/gcc/arm-none-eabi/5.4.1/../../../../arm-none-eabi/lib/armv6-m\libc.a(lib_a-atexit.o)
                              c:/ac6/systemworkbench/plugins/fr.ac6.mcu.externaltools.arm-none.win32_1.13.1.201701261202/tools/compiler/bin/../lib/gcc/arm-none-eabi/5.4.1/../../../../arm-none-eabi/lib/armv6-m\libc.a(lib_a-__call_atexit.o) (atexit)
c:/ac6/systemworkbench/plugins/fr.ac6.mcu.externaltools.arm-none.win32_1.13.1.201701261202/tools/compiler/bin/../lib/gcc/arm-none-eabi/5.4.1/../../../../arm-none-eabi/lib/armv6-m\libc.a(lib_a-fini.o)
                              c:/ac6/systemworkbench/plugins/fr.ac6.mcu.externaltools.arm-none.win32_1.13.1.201701261202/tools/compiler/bin/../lib/gcc/arm-none-eabi/5.4.1/../../../../arm-none-eabi/lib/armv6-m\libc.a(lib_a-__call_atexit.o) (__libc_fini_array)
c:/ac6/systemworkbench/plugins/fr.ac6.mcu.externaltools.arm-none.win32_1.13.1.201701261202/tools/compiler/bin/../lib/gcc/arm-none-eabi/5.4.1/../../../../arm-none-eabi/lib/armv6-m\libc.a(lib_a-__atexit.o)
                              c:/ac6/systemworkbench/plugins/fr.ac6.mcu.externaltools.arm-none.win32_1.13.1.201701261202/tools/compiler/bin/../lib/gcc/arm-none-eabi/5.4.1/../../../../arm-none-eabi/lib/armv6-m\libc.a(lib_a-atexit.o) (__register_exitproc)

Allocating common symbols
Common symbol       size              file

buffor_rx           0x9               src/interrupt.o
rx_urt              0x1               src/interrupt.o

Discarded input sections

 .text          0x00000000        0x0 c:/ac6/systemworkbench/plugins/fr.ac6.mcu.externaltools.arm-none.win32_1.13.1.201701261202/tools/compiler/bin/../lib/gcc/arm-none-eabi/5.4.1/armv6-m/crti.o
 .data          0x00000000        0x0 c:/ac6/systemworkbench/plugins/fr.ac6.mcu.externaltools.arm-none.win32_1.13.1.201701261202/tools/compiler/bin/../lib/gcc/arm-none-eabi/5.4.1/armv6-m/crti.o
 .bss           0x00000000        0x0 c:/ac6/systemworkbench/plugins/fr.ac6.mcu.externaltools.arm-none.win32_1.13.1.201701261202/tools/compiler/bin/../lib/gcc/arm-none-eabi/5.4.1/armv6-m/crti.o
 .data          0x00000000        0x4 c:/ac6/systemworkbench/plugins/fr.ac6.mcu.externaltools.arm-none.win32_1.13.1.201701261202/tools/compiler/bin/../lib/gcc/arm-none-eabi/5.4.1/armv6-m/crtbegin.o
 .text          0x00000000       0x78 c:/ac6/systemworkbench/plugins/fr.ac6.mcu.externaltools.arm-none.win32_1.13.1.201701261202/tools/compiler/bin/../lib/gcc/arm-none-eabi/5.4.1/../../../../arm-none-eabi/lib/armv6-m/crt0.o
 .data          0x00000000        0x0 c:/ac6/systemworkbench/plugins/fr.ac6.mcu.externaltools.arm-none.win32_1.13.1.201701261202/tools/compiler/bin/../lib/gcc/arm-none-eabi/5.4.1/../../../../arm-none-eabi/lib/armv6-m/crt0.o
 .bss           0x00000000        0x0 c:/ac6/systemworkbench/plugins/fr.ac6.mcu.externaltools.arm-none.win32_1.13.1.201701261202/tools/compiler/bin/../lib/gcc/arm-none-eabi/5.4.1/../../../../arm-none-eabi/lib/armv6-m/crt0.o
 .ARM.extab     0x00000000        0x0 c:/ac6/systemworkbench/plugins/fr.ac6.mcu.externaltools.arm-none.win32_1.13.1.201701261202/tools/compiler/bin/../lib/gcc/arm-none-eabi/5.4.1/../../../../arm-none-eabi/lib/armv6-m/crt0.o
 .ARM.exidx     0x00000000        0x8 c:/ac6/systemworkbench/plugins/fr.ac6.mcu.externaltools.arm-none.win32_1.13.1.201701261202/tools/compiler/bin/../lib/gcc/arm-none-eabi/5.4.1/../../../../arm-none-eabi/lib/armv6-m/crt0.o
 .ARM.attributes
                0x00000000       0x1b c:/ac6/systemworkbench/plugins/fr.ac6.mcu.externaltools.arm-none.win32_1.13.1.201701261202/tools/compiler/bin/../lib/gcc/arm-none-eabi/5.4.1/../../../../arm-none-eabi/lib/armv6-m/crt0.o
 .group         0x00000000        0x8 src/interrupt.o
 .group         0x00000000        0x8 src/interrupt.o
 .group         0x00000000        0x8 src/interrupt.o
 .group         0x00000000        0x8 src/interrupt.o
 .group         0x00000000        0x8 src/interrupt.o
 .group         0x00000000        0x8 src/interrupt.o
 .group         0x00000000        0x8 src/interrupt.o
 .group         0x00000000        0x8 src/interrupt.o
 .group         0x00000000        0x8 src/interrupt.o
 .group         0x00000000        0x8 src/interrupt.o
 .group         0x00000000        0x8 src/interrupt.o
 .group         0x00000000        0x8 src/interrupt.o
 .group         0x00000000        0x8 src/interrupt.o
 .group         0x00000000        0x8 src/interrupt.o
 .text          0x00000000        0x0 src/interrupt.o
 .bss           0x00000000        0x0 src/interrupt.o
 .group         0x00000000        0x8 src/main.o
 .group         0x00000000        0x8 src/main.o
 .group         0x00000000        0x8 src/main.o
 .group         0x00000000        0x8 src/main.o
 .group         0x00000000        0x8 src/main.o
 .group         0x00000000        0x8 src/main.o
 .group         0x00000000        0x8 src/main.o
 .group         0x00000000        0x8 src/main.o
 .group         0x00000000        0x8 src/main.o
 .group         0x00000000        0x8 src/main.o
 .group         0x00000000        0x8 src/main.o
 .group         0x00000000        0x8 src/main.o
 .group         0x00000000        0x8 src/main.o
 .group         0x00000000        0x8 src/main.o
 .text          0x00000000        0x0 src/main.o
 .data          0x00000000        0x0 src/main.o
 .bss           0x00000000        0x0 src/main.o
 .debug_macro   0x00000000      0x83e src/main.o
 .debug_macro   0x00000000       0x28 src/main.o
 .debug_macro   0x00000000       0x22 src/main.o
 .debug_macro   0x00000000       0x22 src/main.o
 .debug_macro   0x00000000       0x87 src/main.o
 .debug_macro   0x00000000       0x44 src/main.o
 .debug_macro   0x00000000       0xfd src/main.o
 .debug_macro   0x00000000       0x5e src/main.o
 .debug_macro   0x00000000      0x1df src/main.o
 .debug_macro   0x00000000       0x34 src/main.o
 .debug_macro   0x00000000       0x26 src/main.o
 .debug_macro   0x00000000      0x30d src/main.o
 .debug_macro   0x00000000     0x6d64 src/main.o
 .debug_macro   0x00000000       0x3c src/main.o
 .group         0x00000000        0x8 src/si4463.o
 .group         0x00000000        0x8 src/si4463.o
 .group         0x00000000        0x8 src/si4463.o
 .group         0x00000000        0x8 src/si4463.o
 .group         0x00000000        0x8 src/si4463.o
 .group         0x00000000        0x8 src/si4463.o
 .group         0x00000000        0x8 src/si4463.o
 .group         0x00000000        0x8 src/si4463.o
 .group         0x00000000        0x8 src/si4463.o
 .group         0x00000000        0x8 src/si4463.o
 .group         0x00000000        0x8 src/si4463.o
 .group         0x00000000        0x8 src/si4463.o
 .group         0x00000000        0x8 src/si4463.o
 .group         0x00000000        0x8 src/si4463.o
 .group         0x00000000        0x8 src/si4463.o
 .group         0x00000000        0x8 src/si4463.o
 .text          0x00000000        0x0 src/si4463.o
 .data          0x00000000        0x0 src/si4463.o
 .bss           0x00000000        0x0 src/si4463.o
 .text.SI4463_Device_Info
                0x00000000       0x30 src/si4463.o
 .text.SI4463_Patch
                0x00000000       0xdc src/si4463.o
 .debug_macro   0x00000000      0x83e src/si4463.o
 .debug_macro   0x00000000       0x28 src/si4463.o
 .debug_macro   0x00000000       0x22 src/si4463.o
 .debug_macro   0x00000000       0x22 src/si4463.o
 .debug_macro   0x00000000       0x87 src/si4463.o
 .debug_macro   0x00000000       0x44 src/si4463.o
 .debug_macro   0x00000000       0xfd src/si4463.o
 .debug_macro   0x00000000       0x5e src/si4463.o
 .debug_macro   0x00000000      0x1df src/si4463.o
 .debug_macro   0x00000000       0x34 src/si4463.o
 .debug_macro   0x00000000       0x26 src/si4463.o
 .debug_macro   0x00000000      0x30d src/si4463.o
 .debug_macro   0x00000000     0x6d64 src/si4463.o
 .debug_macro   0x00000000       0x3c src/si4463.o
 .group         0x00000000        0x8 src/spi.o
 .group         0x00000000        0x8 src/spi.o
 .group         0x00000000        0x8 src/spi.o
 .group         0x00000000        0x8 src/spi.o
 .group         0x00000000        0x8 src/spi.o
 .group         0x00000000        0x8 src/spi.o
 .group         0x00000000        0x8 src/spi.o
 .group         0x00000000        0x8 src/spi.o
 .group         0x00000000        0x8 src/spi.o
 .group         0x00000000        0x8 src/spi.o
 .group         0x00000000        0x8 src/spi.o
 .group         0x00000000        0x8 src/spi.o
 .group         0x00000000        0x8 src/spi.o
 .group         0x00000000        0x8 src/spi.o
 .text          0x00000000        0x0 src/spi.o
 .data          0x00000000        0x0 src/spi.o
 .bss           0x00000000        0x0 src/spi.o
 .debug_macro   0x00000000      0x83e src/spi.o
 .debug_macro   0x00000000       0x28 src/spi.o
 .debug_macro   0x00000000       0x22 src/spi.o
 .debug_macro   0x00000000       0x22 src/spi.o
 .debug_macro   0x00000000       0x87 src/spi.o
 .debug_macro   0x00000000       0x44 src/spi.o
 .debug_macro   0x00000000       0xfd src/spi.o
 .debug_macro   0x00000000       0x5e src/spi.o
 .debug_macro   0x00000000      0x1df src/spi.o
 .debug_macro   0x00000000       0x34 src/spi.o
 .debug_macro   0x00000000       0x26 src/spi.o
 .debug_macro   0x00000000      0x30d src/spi.o
 .debug_macro   0x00000000     0x6d64 src/spi.o
 .debug_macro   0x00000000       0x3c src/spi.o
 .group         0x00000000        0x8 src/system_stm32f0xx.o
 .group         0x00000000        0x8 src/system_stm32f0xx.o
 .group         0x00000000        0x8 src/system_stm32f0xx.o
 .group         0x00000000        0x8 src/system_stm32f0xx.o
 .group         0x00000000        0x8 src/system_stm32f0xx.o
 .group         0x00000000        0x8 src/system_stm32f0xx.o
 .group         0x00000000        0x8 src/system_stm32f0xx.o
 .group         0x00000000        0x8 src/system_stm32f0xx.o
 .group         0x00000000        0x8 src/system_stm32f0xx.o
 .group         0x00000000        0x8 src/system_stm32f0xx.o
 .group         0x00000000        0x8 src/system_stm32f0xx.o
 .group         0x00000000        0x8 src/system_stm32f0xx.o
 .group         0x00000000        0x8 src/system_stm32f0xx.o
 .group         0x00000000        0x8 src/system_stm32f0xx.o
 .text          0x00000000        0x0 src/system_stm32f0xx.o
 .data          0x00000000        0x0 src/system_stm32f0xx.o
 .bss           0x00000000        0x0 src/system_stm32f0xx.o
 .text.SystemCoreClockUpdate
                0x00000000        0xc src/system_stm32f0xx.o
 .debug_macro   0x00000000      0x83e src/system_stm32f0xx.o
 .debug_macro   0x00000000       0x28 src/system_stm32f0xx.o
 .debug_macro   0x00000000       0x22 src/system_stm32f0xx.o
 .debug_macro   0x00000000       0x22 src/system_stm32f0xx.o
 .debug_macro   0x00000000       0x87 src/system_stm32f0xx.o
 .debug_macro   0x00000000       0x44 src/system_stm32f0xx.o
 .debug_macro   0x00000000       0xfd src/system_stm32f0xx.o
 .debug_macro   0x00000000       0x5e src/system_stm32f0xx.o
 .debug_macro   0x00000000      0x1df src/system_stm32f0xx.o
 .debug_macro   0x00000000       0x34 src/system_stm32f0xx.o
 .debug_macro   0x00000000       0x26 src/system_stm32f0xx.o
 .debug_macro   0x00000000      0x30d src/system_stm32f0xx.o
 .debug_macro   0x00000000     0x6d64 src/system_stm32f0xx.o
 .debug_macro   0x00000000       0x3c src/system_stm32f0xx.o
 .group         0x00000000        0x8 src/usart.o
 .group         0x00000000        0x8 src/usart.o
 .group         0x00000000        0x8 src/usart.o
 .group         0x00000000        0x8 src/usart.o
 .group         0x00000000        0x8 src/usart.o
 .group         0x00000000        0x8 src/usart.o
 .group         0x00000000        0x8 src/usart.o
 .group         0x00000000        0x8 src/usart.o
 .group         0x00000000        0x8 src/usart.o
 .group         0x00000000        0x8 src/usart.o
 .group         0x00000000        0x8 src/usart.o
 .group         0x00000000        0x8 src/usart.o
 .group         0x00000000        0x8 src/usart.o
 .group         0x00000000        0x8 src/usart.o
 .text          0x00000000        0x0 src/usart.o
 .data          0x00000000        0x0 src/usart.o
 .bss           0x00000000        0x0 src/usart.o
 .text.USART1_Write_Byte
                0x00000000       0x30 src/usart.o
 .debug_macro   0x00000000      0x83e src/usart.o
 .debug_macro   0x00000000       0x28 src/usart.o
 .debug_macro   0x00000000       0x22 src/usart.o
 .debug_macro   0x00000000       0x22 src/usart.o
 .debug_macro   0x00000000       0x87 src/usart.o
 .debug_macro   0x00000000       0x44 src/usart.o
 .debug_macro   0x00000000       0xfd src/usart.o
 .debug_macro   0x00000000       0x5e src/usart.o
 .debug_macro   0x00000000      0x1df src/usart.o
 .debug_macro   0x00000000       0x34 src/usart.o
 .debug_macro   0x00000000       0x26 src/usart.o
 .debug_macro   0x00000000      0x30d src/usart.o
 .debug_macro   0x00000000     0x6d64 src/usart.o
 .debug_macro   0x00000000       0x3c src/usart.o
 .text          0x00000000       0x14 startup/startup_stm32.o
 .data          0x00000000        0x0 startup/startup_stm32.o
 .bss           0x00000000        0x0 startup/startup_stm32.o
 .text          0x00000000        0x0 c:/ac6/systemworkbench/plugins/fr.ac6.mcu.externaltools.arm-none.win32_1.13.1.201701261202/tools/compiler/bin/../lib/gcc/arm-none-eabi/5.4.1/../../../../arm-none-eabi/lib/armv6-m\libc.a(lib_a-exit.o)
 .data          0x00000000        0x0 c:/ac6/systemworkbench/plugins/fr.ac6.mcu.externaltools.arm-none.win32_1.13.1.201701261202/tools/compiler/bin/../lib/gcc/arm-none-eabi/5.4.1/../../../../arm-none-eabi/lib/armv6-m\libc.a(lib_a-exit.o)
 .bss           0x00000000        0x0 c:/ac6/systemworkbench/plugins/fr.ac6.mcu.externaltools.arm-none.win32_1.13.1.201701261202/tools/compiler/bin/../lib/gcc/arm-none-eabi/5.4.1/../../../../arm-none-eabi/lib/armv6-m\libc.a(lib_a-exit.o)
 .text.exit     0x00000000       0x20 c:/ac6/systemworkbench/plugins/fr.ac6.mcu.externaltools.arm-none.win32_1.13.1.201701261202/tools/compiler/bin/../lib/gcc/arm-none-eabi/5.4.1/../../../../arm-none-eabi/lib/armv6-m\libc.a(lib_a-exit.o)
 .debug_frame   0x00000000       0x28 c:/ac6/systemworkbench/plugins/fr.ac6.mcu.externaltools.arm-none.win32_1.13.1.201701261202/tools/compiler/bin/../lib/gcc/arm-none-eabi/5.4.1/../../../../arm-none-eabi/lib/armv6-m\libc.a(lib_a-exit.o)
 .ARM.attributes
                0x00000000       0x2c c:/ac6/systemworkbench/plugins/fr.ac6.mcu.externaltools.arm-none.win32_1.13.1.201701261202/tools/compiler/bin/../lib/gcc/arm-none-eabi/5.4.1/../../../../arm-none-eabi/lib/armv6-m\libc.a(lib_a-exit.o)
 .text          0x00000000        0x0 c:/ac6/systemworkbench/plugins/fr.ac6.mcu.externaltools.arm-none.win32_1.13.1.201701261202/tools/compiler/bin/../lib/gcc/arm-none-eabi/5.4.1/../../../../arm-none-eabi/lib/armv6-m\libc.a(lib_a-impure.o)
 .data          0x00000000        0x0 c:/ac6/systemworkbench/plugins/fr.ac6.mcu.externaltools.arm-none.win32_1.13.1.201701261202/tools/compiler/bin/../lib/gcc/arm-none-eabi/5.4.1/../../../../arm-none-eabi/lib/armv6-m\libc.a(lib_a-impure.o)
 .bss           0x00000000        0x0 c:/ac6/systemworkbench/plugins/fr.ac6.mcu.externaltools.arm-none.win32_1.13.1.201701261202/tools/compiler/bin/../lib/gcc/arm-none-eabi/5.4.1/../../../../arm-none-eabi/lib/armv6-m\libc.a(lib_a-impure.o)
 .data._impure_ptr
                0x00000000        0x4 c:/ac6/systemworkbench/plugins/fr.ac6.mcu.externaltools.arm-none.win32_1.13.1.201701261202/tools/compiler/bin/../lib/gcc/arm-none-eabi/5.4.1/../../../../arm-none-eabi/lib/armv6-m\libc.a(lib_a-impure.o)
 .text          0x00000000        0x0 c:/ac6/systemworkbench/plugins/fr.ac6.mcu.externaltools.arm-none.win32_1.13.1.201701261202/tools/compiler/bin/../lib/gcc/arm-none-eabi/5.4.1/../../../../arm-none-eabi/lib/armv6-m\libc.a(lib_a-init.o)
 .data          0x00000000        0x0 c:/ac6/systemworkbench/plugins/fr.ac6.mcu.externaltools.arm-none.win32_1.13.1.201701261202/tools/compiler/bin/../lib/gcc/arm-none-eabi/5.4.1/../../../../arm-none-eabi/lib/armv6-m\libc.a(lib_a-init.o)
 .bss           0x00000000        0x0 c:/ac6/systemworkbench/plugins/fr.ac6.mcu.externaltools.arm-none.win32_1.13.1.201701261202/tools/compiler/bin/../lib/gcc/arm-none-eabi/5.4.1/../../../../arm-none-eabi/lib/armv6-m\libc.a(lib_a-init.o)
 .text          0x00000000        0x0 c:/ac6/systemworkbench/plugins/fr.ac6.mcu.externaltools.arm-none.win32_1.13.1.201701261202/tools/compiler/bin/../lib/gcc/arm-none-eabi/5.4.1/../../../../arm-none-eabi/lib/armv6-m\libc.a(lib_a-memcpy-stub.o)
 .data          0x00000000        0x0 c:/ac6/systemworkbench/plugins/fr.ac6.mcu.externaltools.arm-none.win32_1.13.1.201701261202/tools/compiler/bin/../lib/gcc/arm-none-eabi/5.4.1/../../../../arm-none-eabi/lib/armv6-m\libc.a(lib_a-memcpy-stub.o)
 .bss           0x00000000        0x0 c:/ac6/systemworkbench/plugins/fr.ac6.mcu.externaltools.arm-none.win32_1.13.1.201701261202/tools/compiler/bin/../lib/gcc/arm-none-eabi/5.4.1/../../../../arm-none-eabi/lib/armv6-m\libc.a(lib_a-memcpy-stub.o)
 .text          0x00000000        0x0 c:/ac6/systemworkbench/plugins/fr.ac6.mcu.externaltools.arm-none.win32_1.13.1.201701261202/tools/compiler/bin/../lib/gcc/arm-none-eabi/5.4.1/../../../../arm-none-eabi/lib/armv6-m\libc.a(lib_a-memset.o)
 .data          0x00000000        0x0 c:/ac6/systemworkbench/plugins/fr.ac6.mcu.externaltools.arm-none.win32_1.13.1.201701261202/tools/compiler/bin/../lib/gcc/arm-none-eabi/5.4.1/../../../../arm-none-eabi/lib/armv6-m\libc.a(lib_a-memset.o)
 .bss           0x00000000        0x0 c:/ac6/systemworkbench/plugins/fr.ac6.mcu.externaltools.arm-none.win32_1.13.1.201701261202/tools/compiler/bin/../lib/gcc/arm-none-eabi/5.4.1/../../../../arm-none-eabi/lib/armv6-m\libc.a(lib_a-memset.o)
 .text          0x00000000        0x0 c:/ac6/systemworkbench/plugins/fr.ac6.mcu.externaltools.arm-none.win32_1.13.1.201701261202/tools/compiler/bin/../lib/gcc/arm-none-eabi/5.4.1/../../../../arm-none-eabi/lib/armv6-m\libc.a(lib_a-__call_atexit.o)
 .data          0x00000000        0x0 c:/ac6/systemworkbench/plugins/fr.ac6.mcu.externaltools.arm-none.win32_1.13.1.201701261202/tools/compiler/bin/../lib/gcc/arm-none-eabi/5.4.1/../../../../arm-none-eabi/lib/armv6-m\libc.a(lib_a-__call_atexit.o)
 .bss           0x00000000        0x0 c:/ac6/systemworkbench/plugins/fr.ac6.mcu.externaltools.arm-none.win32_1.13.1.201701261202/tools/compiler/bin/../lib/gcc/arm-none-eabi/5.4.1/../../../../arm-none-eabi/lib/armv6-m\libc.a(lib_a-__call_atexit.o)
 .text.__call_exitprocs
                0x00000000       0xfc c:/ac6/systemworkbench/plugins/fr.ac6.mcu.externaltools.arm-none.win32_1.13.1.201701261202/tools/compiler/bin/../lib/gcc/arm-none-eabi/5.4.1/../../../../arm-none-eabi/lib/armv6-m\libc.a(lib_a-__call_atexit.o)
 .text          0x00000000        0x0 c:/ac6/systemworkbench/plugins/fr.ac6.mcu.externaltools.arm-none.win32_1.13.1.201701261202/tools/compiler/bin/../lib/gcc/arm-none-eabi/5.4.1/../../../../arm-none-eabi/lib/armv6-m\libc.a(lib_a-atexit.o)
 .data          0x00000000        0x0 c:/ac6/systemworkbench/plugins/fr.ac6.mcu.externaltools.arm-none.win32_1.13.1.201701261202/tools/compiler/bin/../lib/gcc/arm-none-eabi/5.4.1/../../../../arm-none-eabi/lib/armv6-m\libc.a(lib_a-atexit.o)
 .bss           0x00000000        0x0 c:/ac6/systemworkbench/plugins/fr.ac6.mcu.externaltools.arm-none.win32_1.13.1.201701261202/tools/compiler/bin/../lib/gcc/arm-none-eabi/5.4.1/../../../../arm-none-eabi/lib/armv6-m\libc.a(lib_a-atexit.o)
 .text          0x00000000        0x0 c:/ac6/systemworkbench/plugins/fr.ac6.mcu.externaltools.arm-none.win32_1.13.1.201701261202/tools/compiler/bin/../lib/gcc/arm-none-eabi/5.4.1/../../../../arm-none-eabi/lib/armv6-m\libc.a(lib_a-fini.o)
 .data          0x00000000        0x0 c:/ac6/systemworkbench/plugins/fr.ac6.mcu.externaltools.arm-none.win32_1.13.1.201701261202/tools/compiler/bin/../lib/gcc/arm-none-eabi/5.4.1/../../../../arm-none-eabi/lib/armv6-m\libc.a(lib_a-fini.o)
 .bss           0x00000000        0x0 c:/ac6/systemworkbench/plugins/fr.ac6.mcu.externaltools.arm-none.win32_1.13.1.201701261202/tools/compiler/bin/../lib/gcc/arm-none-eabi/5.4.1/../../../../arm-none-eabi/lib/armv6-m\libc.a(lib_a-fini.o)
 .text          0x00000000        0x0 c:/ac6/systemworkbench/plugins/fr.ac6.mcu.externaltools.arm-none.win32_1.13.1.201701261202/tools/compiler/bin/../lib/gcc/arm-none-eabi/5.4.1/../../../../arm-none-eabi/lib/armv6-m\libc.a(lib_a-__atexit.o)
 .data          0x00000000        0x0 c:/ac6/systemworkbench/plugins/fr.ac6.mcu.externaltools.arm-none.win32_1.13.1.201701261202/tools/compiler/bin/../lib/gcc/arm-none-eabi/5.4.1/../../../../arm-none-eabi/lib/armv6-m\libc.a(lib_a-__atexit.o)
 .bss           0x00000000        0x0 c:/ac6/systemworkbench/plugins/fr.ac6.mcu.externaltools.arm-none.win32_1.13.1.201701261202/tools/compiler/bin/../lib/gcc/arm-none-eabi/5.4.1/../../../../arm-none-eabi/lib/armv6-m\libc.a(lib_a-__atexit.o)
 .text          0x00000000        0x0 c:/ac6/systemworkbench/plugins/fr.ac6.mcu.externaltools.arm-none.win32_1.13.1.201701261202/tools/compiler/bin/../lib/gcc/arm-none-eabi/5.4.1/armv6-m/crtend.o
 .data          0x00000000        0x0 c:/ac6/systemworkbench/plugins/fr.ac6.mcu.externaltools.arm-none.win32_1.13.1.201701261202/tools/compiler/bin/../lib/gcc/arm-none-eabi/5.4.1/armv6-m/crtend.o
 .bss           0x00000000        0x0 c:/ac6/systemworkbench/plugins/fr.ac6.mcu.externaltools.arm-none.win32_1.13.1.201701261202/tools/compiler/bin/../lib/gcc/arm-none-eabi/5.4.1/armv6-m/crtend.o
 .eh_frame      0x00000000        0x4 c:/ac6/systemworkbench/plugins/fr.ac6.mcu.externaltools.arm-none.win32_1.13.1.201701261202/tools/compiler/bin/../lib/gcc/arm-none-eabi/5.4.1/armv6-m/crtend.o
 .jcr           0x00000000        0x4 c:/ac6/systemworkbench/plugins/fr.ac6.mcu.externaltools.arm-none.win32_1.13.1.201701261202/tools/compiler/bin/../lib/gcc/arm-none-eabi/5.4.1/armv6-m/crtend.o
 .ARM.attributes
                0x00000000       0x2c c:/ac6/systemworkbench/plugins/fr.ac6.mcu.externaltools.arm-none.win32_1.13.1.201701261202/tools/compiler/bin/../lib/gcc/arm-none-eabi/5.4.1/armv6-m/crtend.o
 .text          0x00000000        0x0 c:/ac6/systemworkbench/plugins/fr.ac6.mcu.externaltools.arm-none.win32_1.13.1.201701261202/tools/compiler/bin/../lib/gcc/arm-none-eabi/5.4.1/armv6-m/crtn.o
 .data          0x00000000        0x0 c:/ac6/systemworkbench/plugins/fr.ac6.mcu.externaltools.arm-none.win32_1.13.1.201701261202/tools/compiler/bin/../lib/gcc/arm-none-eabi/5.4.1/armv6-m/crtn.o
 .bss           0x00000000        0x0 c:/ac6/systemworkbench/plugins/fr.ac6.mcu.externaltools.arm-none.win32_1.13.1.201701261202/tools/compiler/bin/../lib/gcc/arm-none-eabi/5.4.1/armv6-m/crtn.o

Memory Configuration

Name             Origin             Length             Attributes
RAM              0x20000000         0x00001000         xrw
ROM              0x08000000         0x00004000         xr
*default*        0x00000000         0xffffffff

Linker script and memory map

LOAD c:/ac6/systemworkbench/plugins/fr.ac6.mcu.externaltools.arm-none.win32_1.13.1.201701261202/tools/compiler/bin/../lib/gcc/arm-none-eabi/5.4.1/armv6-m/crti.o
LOAD c:/ac6/systemworkbench/plugins/fr.ac6.mcu.externaltools.arm-none.win32_1.13.1.201701261202/tools/compiler/bin/../lib/gcc/arm-none-eabi/5.4.1/armv6-m/crtbegin.o
LOAD c:/ac6/systemworkbench/plugins/fr.ac6.mcu.externaltools.arm-none.win32_1.13.1.201701261202/tools/compiler/bin/../lib/gcc/arm-none-eabi/5.4.1/../../../../arm-none-eabi/lib/armv6-m/crt0.o
LOAD c:/ac6/systemworkbench/plugins/fr.ac6.mcu.externaltools.arm-none.win32_1.13.1.201701261202/tools/compiler/bin/../lib/gcc/arm-none-eabi/5.4.1/../../../../arm-none-eabi/lib/armv6-m\libm.a
LOAD src/interrupt.o
LOAD src/main.o
LOAD src/si4463.o
LOAD src/spi.o
LOAD src/system_stm32f0xx.o
LOAD src/usart.o
LOAD startup/startup_stm32.o
START GROUP
LOAD c:/ac6/systemworkbench/plugins/fr.ac6.mcu.externaltools.arm-none.win32_1.13.1.201701261202/tools/compiler/bin/../lib/gcc/arm-none-eabi/5.4.1/armv6-m\libgcc.a
LOAD c:/ac6/systemworkbench/plugins/fr.ac6.mcu.externaltools.arm-none.win32_1.13.1.201701261202/tools/compiler/bin/../lib/gcc/arm-none-eabi/5.4.1/../../../../arm-none-eabi/lib/armv6-m\libc.a
END GROUP
LOAD c:/ac6/systemworkbench/plugins/fr.ac6.mcu.externaltools.arm-none.win32_1.13.1.201701261202/tools/compiler/bin/../lib/gcc/arm-none-eabi/5.4.1/armv6-m/crtend.o
LOAD c:/ac6/systemworkbench/plugins/fr.ac6.mcu.externaltools.arm-none.win32_1.13.1.201701261202/tools/compiler/bin/../lib/gcc/arm-none-eabi/5.4.1/armv6-m/crtn.o
                0x20001000                _estack = 0x20001000
                0x00000000                _Min_Heap_Size = 0x0
                0x00000400                _Min_Stack_Size = 0x400

.isr_vector     0x08000000       0xc4
                0x08000000                . = ALIGN (0x4)
 *(.isr_vector)
 .isr_vector    0x08000000       0xc4 startup/startup_stm32.o
                0x08000000                g_pfnVectors
                0x080000c4                . = ALIGN (0x4)

.text           0x080000c4      0xca4
                0x080000c4                . = ALIGN (0x4)
 *(.text)
 .text          0x080000c4       0x60 c:/ac6/systemworkbench/plugins/fr.ac6.mcu.externaltools.arm-none.win32_1.13.1.201701261202/tools/compiler/bin/../lib/gcc/arm-none-eabi/5.4.1/armv6-m/crtbegin.o
 *(.text*)
 .text.NVIC_ClearPendingIRQ
                0x08000124       0x30 src/interrupt.o
 .text.USART1_IRQHandler
                0x08000154       0x44 src/interrupt.o
                0x08000154                USART1_IRQHandler
 .text.EXTI2_3_IRQHandler
                0x08000198       0x3c src/interrupt.o
                0x08000198                EXTI2_3_IRQHandler
 .text.TIM3_IRQHandler
                0x080001d4       0x20 src/interrupt.o
                0x080001d4                TIM3_IRQHandler
 .text.main     0x080001f4       0x14 src/main.o
                0x080001f4                main
 .text.SI4463_Read_Buffor
                0x08000208       0xa4 src/si4463.o
                0x08000208                SI4463_Read_Buffor
 .text.SI4463_Delay
                0x080002ac       0x24 src/si4463.o
                0x080002ac                SI4463_Delay
 .text.SI4463_Wait_CTS
                0x080002d0       0x48 src/si4463.o
                0x080002d0                SI4463_Wait_CTS
 .text.SI4463_Get_Property
                0x08000318       0x60 src/si4463.o
                0x08000318                SI4463_Get_Property
 .text.SI4463_Set_Property
                0x08000378       0x64 src/si4463.o
                0x08000378                SI4463_Set_Property
 .text.SI4463_Get_Interrupt
                0x080003dc       0x48 src/si4463.o
                0x080003dc                SI4463_Get_Interrupt
 .text.SI4463_TX_Start
                0x08000424       0x54 src/si4463.o
                0x08000424                SI4463_TX_Start
 .text.SI4463_RX_Start
                0x08000478       0x6c src/si4463.o
                0x08000478                SI4463_RX_Start
 .text.SI4463_TX_FIFO
                0x080004e4      0x140 src/si4463.o
                0x080004e4                SI4463_TX_FIFO
 .text.SI4463_RX_FIFO
                0x08000624       0x6c src/si4463.o
                0x08000624                SI4463_RX_FIFO
 .text.SI4463_Clear_TX_FIFO
                0x08000690       0x2c src/si4463.o
                0x08000690                SI4463_Clear_TX_FIFO
 .text.SI4463_Clear_RX_FIFO
                0x080006bc       0x2c src/si4463.o
                0x080006bc                SI4463_Clear_RX_FIFO
 .text.SI4463_Send_Data
                0x080006e8       0x7c src/si4463.o
                0x080006e8                SI4463_Send_Data
 .text.SI4463_Read_Data
                0x08000764       0x6c src/si4463.o
                0x08000764                SI4463_Read_Data
 .text.SI4463_Init
                0x080007d0       0x98 src/si4463.o
                0x080007d0                SI4463_Init
 .text.SPI_Write
                0x08000868       0x34 src/spi.o
                0x08000868                SPI_Write
 .text.SPI_Read
                0x0800089c       0x24 src/spi.o
                0x0800089c                SPI_Read
 .text.NVIC_EnableIRQ
                0x080008c0       0x2c src/system_stm32f0xx.o
 .text.SystemInit
                0x080008ec       0xfc src/system_stm32f0xx.o
                0x080008ec                SystemInit
 .text.USART1_Read_Byte
                0x080009e8       0x34 src/usart.o
                0x080009e8                USART1_Read_Byte
 .text.USART1_Write_Buffor
                0x08000a1c       0x60 src/usart.o
                0x08000a1c                USART1_Write_Buffor
 .text.Reset_Handler
                0x08000a7c       0x50 startup/startup_stm32.o
                0x08000a7c                Reset_Handler
 .text.Default_Handler
                0x08000acc        0x2 startup/startup_stm32.o
                0x08000acc                TIM1_CC_IRQHandler
                0x08000acc                HardFault_Handler
                0x08000acc                ADC1_COMP_IRQHandler
                0x08000acc                SysTick_Handler
                0x08000acc                PVD_IRQHandler
                0x08000acc                PendSV_Handler
                0x08000acc                NMI_Handler
                0x08000acc                I2C1_IRQHandler
                0x08000acc                SPI1_IRQHandler
                0x08000acc                TIM6_DAC_IRQHandler
                0x08000acc                I2C2_IRQHandler
                0x08000acc                TIM17_IRQHandler
                0x08000acc                RTC_IRQHandler
                0x08000acc                TIM16_IRQHandler
                0x08000acc                EXTI4_15_IRQHandler
                0x08000acc                RCC_IRQHandler
                0x08000acc                DMA1_Channel1_IRQHandler
                0x08000acc                Default_Handler
                0x08000acc                CEC_IRQHandler
                0x08000acc                TIM14_IRQHandler
                0x08000acc                DMA1_Channel4_5_IRQHandler
                0x08000acc                TIM15_IRQHandler
                0x08000acc                EXTI0_1_IRQHandler
                0x08000acc                SPI2_IRQHandler
                0x08000acc                SVC_Handler
                0x08000acc                TS_IRQHandler
                0x08000acc                WWDG_IRQHandler
                0x08000acc                TIM2_IRQHandler
                0x08000acc                DMA1_Channel2_3_IRQHandler
                0x08000acc                USART2_IRQHandler
                0x08000acc                FLASH_IRQHandler
                0x08000acc                TIM1_BRK_UP_TRG_COM_IRQHandler
 *fill*         0x08000ace        0x2 
 .text.__libc_init_array
                0x08000ad0       0x48 c:/ac6/systemworkbench/plugins/fr.ac6.mcu.externaltools.arm-none.win32_1.13.1.201701261202/tools/compiler/bin/../lib/gcc/arm-none-eabi/5.4.1/../../../../arm-none-eabi/lib/armv6-m\libc.a(lib_a-init.o)
                0x08000ad0                __libc_init_array
 .text.memcpy   0x08000b18       0x7c c:/ac6/systemworkbench/plugins/fr.ac6.mcu.externaltools.arm-none.win32_1.13.1.201701261202/tools/compiler/bin/../lib/gcc/arm-none-eabi/5.4.1/../../../../arm-none-eabi/lib/armv6-m\libc.a(lib_a-memcpy-stub.o)
                0x08000b18                memcpy
 .text.memset   0x08000b94       0x8c c:/ac6/systemworkbench/plugins/fr.ac6.mcu.externaltools.arm-none.win32_1.13.1.201701261202/tools/compiler/bin/../lib/gcc/arm-none-eabi/5.4.1/../../../../arm-none-eabi/lib/armv6-m\libc.a(lib_a-memset.o)
                0x08000b94                memset
 .text.startup.register_fini
                0x08000c20       0x18 c:/ac6/systemworkbench/plugins/fr.ac6.mcu.externaltools.arm-none.win32_1.13.1.201701261202/tools/compiler/bin/../lib/gcc/arm-none-eabi/5.4.1/../../../../arm-none-eabi/lib/armv6-m\libc.a(lib_a-__call_atexit.o)
 .text.atexit   0x08000c38       0x10 c:/ac6/systemworkbench/plugins/fr.ac6.mcu.externaltools.arm-none.win32_1.13.1.201701261202/tools/compiler/bin/../lib/gcc/arm-none-eabi/5.4.1/../../../../arm-none-eabi/lib/armv6-m\libc.a(lib_a-atexit.o)
                0x08000c38                atexit
 .text.__libc_fini_array
                0x08000c48       0x34 c:/ac6/systemworkbench/plugins/fr.ac6.mcu.externaltools.arm-none.win32_1.13.1.201701261202/tools/compiler/bin/../lib/gcc/arm-none-eabi/5.4.1/../../../../arm-none-eabi/lib/armv6-m\libc.a(lib_a-fini.o)
                0x08000c48                __libc_fini_array
 .text.__register_exitproc
                0x08000c7c       0xd4 c:/ac6/systemworkbench/plugins/fr.ac6.mcu.externaltools.arm-none.win32_1.13.1.201701261202/tools/compiler/bin/../lib/gcc/arm-none-eabi/5.4.1/../../../../arm-none-eabi/lib/armv6-m\libc.a(lib_a-__atexit.o)
                0x08000c7c                __register_exitproc
 *(.glue_7)
 .glue_7        0x08000d50        0x0 linker stubs
 *(.glue_7t)
 .glue_7t       0x08000d50        0x0 linker stubs
 *(.eh_frame)
 .eh_frame      0x08000d50        0x0 c:/ac6/systemworkbench/plugins/fr.ac6.mcu.externaltools.arm-none.win32_1.13.1.201701261202/tools/compiler/bin/../lib/gcc/arm-none-eabi/5.4.1/armv6-m/crtbegin.o
 *(.init)
 .init          0x08000d50        0x4 c:/ac6/systemworkbench/plugins/fr.ac6.mcu.externaltools.arm-none.win32_1.13.1.201701261202/tools/compiler/bin/../lib/gcc/arm-none-eabi/5.4.1/armv6-m/crti.o
                0x08000d50                _init
 .init          0x08000d54        0x8 c:/ac6/systemworkbench/plugins/fr.ac6.mcu.externaltools.arm-none.win32_1.13.1.201701261202/tools/compiler/bin/../lib/gcc/arm-none-eabi/5.4.1/armv6-m/crtn.o
 *(.fini)
 .fini          0x08000d5c        0x4 c:/ac6/systemworkbench/plugins/fr.ac6.mcu.externaltools.arm-none.win32_1.13.1.201701261202/tools/compiler/bin/../lib/gcc/arm-none-eabi/5.4.1/armv6-m/crti.o
                0x08000d5c                _fini
 .fini          0x08000d60        0x8 c:/ac6/systemworkbench/plugins/fr.ac6.mcu.externaltools.arm-none.win32_1.13.1.201701261202/tools/compiler/bin/../lib/gcc/arm-none-eabi/5.4.1/armv6-m/crtn.o
                0x08000d68                . = ALIGN (0x4)
                0x08000d68                _etext = .

.vfp11_veneer   0x08000d68        0x0
 .vfp11_veneer  0x08000d68        0x0 linker stubs

.v4_bx          0x08000d68        0x0
 .v4_bx         0x08000d68        0x0 linker stubs

.iplt           0x08000d68        0x0
 .iplt          0x08000d68        0x0 c:/ac6/systemworkbench/plugins/fr.ac6.mcu.externaltools.arm-none.win32_1.13.1.201701261202/tools/compiler/bin/../lib/gcc/arm-none-eabi/5.4.1/armv6-m/crtbegin.o

.rodata         0x08000d68      0x9e0
                0x08000d68                . = ALIGN (0x4)
 *(.rodata)
 .rodata        0x08000d68      0x9dc src/si4463.o
 *(.rodata*)
 .rodata._global_impure_ptr
                0x08001744        0x4 c:/ac6/systemworkbench/plugins/fr.ac6.mcu.externaltools.arm-none.win32_1.13.1.201701261202/tools/compiler/bin/../lib/gcc/arm-none-eabi/5.4.1/../../../../arm-none-eabi/lib/armv6-m\libc.a(lib_a-impure.o)
                0x08001744                _global_impure_ptr
                0x08001748                . = ALIGN (0x4)

.rel.dyn        0x08001748        0x0
 .rel.iplt      0x08001748        0x0 c:/ac6/systemworkbench/plugins/fr.ac6.mcu.externaltools.arm-none.win32_1.13.1.201701261202/tools/compiler/bin/../lib/gcc/arm-none-eabi/5.4.1/armv6-m/crtbegin.o

.ARM.extab      0x08001748        0x0
                0x08001748                . = ALIGN (0x4)
 *(.ARM.extab* .gnu.linkonce.armextab.*)
                0x08001748                . = ALIGN (0x4)

.ARM            0x08001748        0x0
                0x08001748                . = ALIGN (0x4)
                0x08001748                __exidx_start = .
 *(.ARM.exidx*)
                0x08001748                __exidx_end = .
                0x08001748                . = ALIGN (0x4)

.preinit_array  0x08001748        0x0
                0x08001748                . = ALIGN (0x4)
                0x08001748                PROVIDE (__preinit_array_start, .)
 *(.preinit_array*)
                0x08001748                PROVIDE (__preinit_array_end, .)
                0x08001748                . = ALIGN (0x4)

.init_array     0x08001748        0x8
                0x08001748                . = ALIGN (0x4)
                0x08001748                PROVIDE (__init_array_start, .)
 *(SORT(.init_array.*))
 .init_array.00000
                0x08001748        0x4 c:/ac6/systemworkbench/plugins/fr.ac6.mcu.externaltools.arm-none.win32_1.13.1.201701261202/tools/compiler/bin/../lib/gcc/arm-none-eabi/5.4.1/../../../../arm-none-eabi/lib/armv6-m\libc.a(lib_a-__call_atexit.o)
 *(.init_array*)
 .init_array    0x0800174c        0x4 c:/ac6/systemworkbench/plugins/fr.ac6.mcu.externaltools.arm-none.win32_1.13.1.201701261202/tools/compiler/bin/../lib/gcc/arm-none-eabi/5.4.1/armv6-m/crtbegin.o
                0x08001750                PROVIDE (__init_array_end, .)
                0x08001750                . = ALIGN (0x4)

.fini_array     0x08001750        0x4
                0x08001750                . = ALIGN (0x4)
                0x08001750                PROVIDE (__fini_array_start, .)
 *(SORT(.fini_array.*))
 *(.fini_array*)
 .fini_array    0x08001750        0x4 c:/ac6/systemworkbench/plugins/fr.ac6.mcu.externaltools.arm-none.win32_1.13.1.201701261202/tools/compiler/bin/../lib/gcc/arm-none-eabi/5.4.1/armv6-m/crtbegin.o
                0x08001754                PROVIDE (__fini_array_end, .)
                0x08001754                . = ALIGN (0x4)
                0x08001754                _sidata = LOADADDR (.data)

.data           0x20000000      0x430 load address 0x08001754
                0x20000000                . = ALIGN (0x4)
                0x20000000                _sdata = .
 *(.data)
 .data          0x20000000        0x6 src/interrupt.o
                0x20000000                tx_urt
 *(.data*)
 *fill*         0x20000006        0x2 
 .data.impure_data
                0x20000008      0x428 c:/ac6/systemworkbench/plugins/fr.ac6.mcu.externaltools.arm-none.win32_1.13.1.201701261202/tools/compiler/bin/../lib/gcc/arm-none-eabi/5.4.1/../../../../arm-none-eabi/lib/armv6-m\libc.a(lib_a-impure.o)
                0x20000430                . = ALIGN (0x4)
                0x20000430                _edata = .

.jcr            0x20000430        0x0 load address 0x08001b84
 .jcr           0x20000430        0x0 c:/ac6/systemworkbench/plugins/fr.ac6.mcu.externaltools.arm-none.win32_1.13.1.201701261202/tools/compiler/bin/../lib/gcc/arm-none-eabi/5.4.1/armv6-m/crtbegin.o

.igot.plt       0x20000430        0x0 load address 0x08001b84
 .igot.plt      0x20000430        0x0 c:/ac6/systemworkbench/plugins/fr.ac6.mcu.externaltools.arm-none.win32_1.13.1.201701261202/tools/compiler/bin/../lib/gcc/arm-none-eabi/5.4.1/armv6-m/crtbegin.o
                0x20000430                . = ALIGN (0x4)

.bss            0x20000430       0x28 load address 0x08001b84
                0x20000430                _sbss = .
                0x20000430                __bss_start__ = _sbss
 *(.bss)
 .bss           0x20000430       0x1c c:/ac6/systemworkbench/plugins/fr.ac6.mcu.externaltools.arm-none.win32_1.13.1.201701261202/tools/compiler/bin/../lib/gcc/arm-none-eabi/5.4.1/armv6-m/crtbegin.o
 *(.bss*)
 *(COMMON)
 COMMON         0x2000044c        0xa src/interrupt.o
                0x2000044c                buffor_rx
                0x20000455                rx_urt
                0x20000458                . = ALIGN (0x4)
 *fill*         0x20000456        0x2 
                0x20000458                _ebss = .
                0x20000458                __bss_end__ = _ebss

._user_heap_stack
                0x20000458      0x400 load address 0x08001b84
                0x20000458                . = ALIGN (0x8)
                [!provide]                PROVIDE (end, .)
                [!provide]                PROVIDE (_end, .)
                0x20000458                . = (. + _Min_Heap_Size)
                0x20000858                . = (. + _Min_Stack_Size)
 *fill*         0x20000458      0x400 
                0x20000858                . = ALIGN (0x8)

/DISCARD/
 libc.a(*)
 libm.a(*)
 libgcc.a(*)

.ARM.attributes
                0x00000000       0x28
 *(.ARM.attributes)
 .ARM.attributes
                0x00000000       0x1e c:/ac6/systemworkbench/plugins/fr.ac6.mcu.externaltools.arm-none.win32_1.13.1.201701261202/tools/compiler/bin/../lib/gcc/arm-none-eabi/5.4.1/armv6-m/crti.o
 .ARM.attributes
                0x0000001e       0x2c c:/ac6/systemworkbench/plugins/fr.ac6.mcu.externaltools.arm-none.win32_1.13.1.201701261202/tools/compiler/bin/../lib/gcc/arm-none-eabi/5.4.1/armv6-m/crtbegin.o
 .ARM.attributes
                0x0000004a       0x31 src/interrupt.o
 .ARM.attributes
                0x0000007b       0x31 src/main.o
 .ARM.attributes
                0x000000ac       0x31 src/si4463.o
 .ARM.attributes
                0x000000dd       0x31 src/spi.o
 .ARM.attributes
                0x0000010e       0x31 src/system_stm32f0xx.o
 .ARM.attributes
                0x0000013f       0x31 src/usart.o
 .ARM.attributes
                0x00000170       0x21 startup/startup_stm32.o
 .ARM.attributes
                0x00000191       0x2c c:/ac6/systemworkbench/plugins/fr.ac6.mcu.externaltools.arm-none.win32_1.13.1.201701261202/tools/compiler/bin/../lib/gcc/arm-none-eabi/5.4.1/../../../../arm-none-eabi/lib/armv6-m\libc.a(lib_a-impure.o)
 .ARM.attributes
                0x000001bd       0x2c c:/ac6/systemworkbench/plugins/fr.ac6.mcu.externaltools.arm-none.win32_1.13.1.201701261202/tools/compiler/bin/../lib/gcc/arm-none-eabi/5.4.1/../../../../arm-none-eabi/lib/armv6-m\libc.a(lib_a-init.o)
 .ARM.attributes
                0x000001e9       0x2c c:/ac6/systemworkbench/plugins/fr.ac6.mcu.externaltools.arm-none.win32_1.13.1.201701261202/tools/compiler/bin/../lib/gcc/arm-none-eabi/5.4.1/../../../../arm-none-eabi/lib/armv6-m\libc.a(lib_a-memcpy-stub.o)
 .ARM.attributes
                0x00000215       0x2c c:/ac6/systemworkbench/plugins/fr.ac6.mcu.externaltools.arm-none.win32_1.13.1.201701261202/tools/compiler/bin/../lib/gcc/arm-none-eabi/5.4.1/../../../../arm-none-eabi/lib/armv6-m\libc.a(lib_a-memset.o)
 .ARM.attributes
                0x00000241       0x2c c:/ac6/systemworkbench/plugins/fr.ac6.mcu.externaltools.arm-none.win32_1.13.1.201701261202/tools/compiler/bin/../lib/gcc/arm-none-eabi/5.4.1/../../../../arm-none-eabi/lib/armv6-m\libc.a(lib_a-__call_atexit.o)
 .ARM.attributes
                0x0000026d       0x2c c:/ac6/systemworkbench/plugins/fr.ac6.mcu.externaltools.arm-none.win32_1.13.1.201701261202/tools/compiler/bin/../lib/gcc/arm-none-eabi/5.4.1/../../../../arm-none-eabi/lib/armv6-m\libc.a(lib_a-atexit.o)
 .ARM.attributes
                0x00000299       0x2c c:/ac6/systemworkbench/plugins/fr.ac6.mcu.externaltools.arm-none.win32_1.13.1.201701261202/tools/compiler/bin/../lib/gcc/arm-none-eabi/5.4.1/../../../../arm-none-eabi/lib/armv6-m\libc.a(lib_a-fini.o)
 .ARM.attributes
                0x000002c5       0x2c c:/ac6/systemworkbench/plugins/fr.ac6.mcu.externaltools.arm-none.win32_1.13.1.201701261202/tools/compiler/bin/../lib/gcc/arm-none-eabi/5.4.1/../../../../arm-none-eabi/lib/armv6-m\libc.a(lib_a-__atexit.o)
 .ARM.attributes
                0x000002f1       0x1e c:/ac6/systemworkbench/plugins/fr.ac6.mcu.externaltools.arm-none.win32_1.13.1.201701261202/tools/compiler/bin/../lib/gcc/arm-none-eabi/5.4.1/armv6-m/crtn.o
OUTPUT(RF_Module.elf elf32-littlearm)

.debug_info     0x00000000     0x1676
 .debug_info    0x00000000      0x48f src/interrupt.o
 .debug_info    0x0000048f       0x8c src/main.o
 .debug_info    0x0000051b      0x651 src/si4463.o
 .debug_info    0x00000b6c      0x15d src/spi.o
 .debug_info    0x00000cc9      0x73b src/system_stm32f0xx.o
 .debug_info    0x00001404      0x209 src/usart.o
 .debug_info    0x0000160d       0x69 startup/startup_stm32.o

.debug_abbrev   0x00000000      0x608
 .debug_abbrev  0x00000000      0x152 src/interrupt.o
 .debug_abbrev  0x00000152       0x47 src/main.o
 .debug_abbrev  0x00000199      0x16b src/si4463.o
 .debug_abbrev  0x00000304       0xbc src/spi.o
 .debug_abbrev  0x000003c0      0x159 src/system_stm32f0xx.o
 .debug_abbrev  0x00000519       0xdd src/usart.o
 .debug_abbrev  0x000005f6       0x12 startup/startup_stm32.o

.debug_aranges  0x00000000      0x1a8
 .debug_aranges
                0x00000000       0x38 src/interrupt.o
 .debug_aranges
                0x00000038       0x20 src/main.o
 .debug_aranges
                0x00000058       0xa0 src/si4463.o
 .debug_aranges
                0x000000f8       0x28 src/spi.o
 .debug_aranges
                0x00000120       0x30 src/system_stm32f0xx.o
 .debug_aranges
                0x00000150       0x30 src/usart.o
 .debug_aranges
                0x00000180       0x28 startup/startup_stm32.o

.debug_ranges   0x00000000      0x140
 .debug_ranges  0x00000000       0x28 src/interrupt.o
 .debug_ranges  0x00000028       0x10 src/main.o
 .debug_ranges  0x00000038       0x90 src/si4463.o
 .debug_ranges  0x000000c8       0x18 src/spi.o
 .debug_ranges  0x000000e0       0x20 src/system_stm32f0xx.o
 .debug_ranges  0x00000100       0x20 src/usart.o
 .debug_ranges  0x00000120       0x20 startup/startup_stm32.o

.debug_macro    0x00000000     0x83ea
 .debug_macro   0x00000000       0xdb src/interrupt.o
 .debug_macro   0x000000db      0x83e src/interrupt.o
 .debug_macro   0x00000919       0x28 src/interrupt.o
 .debug_macro   0x00000941       0x22 src/interrupt.o
 .debug_macro   0x00000963       0x22 src/interrupt.o
 .debug_macro   0x00000985       0x87 src/interrupt.o
 .debug_macro   0x00000a0c       0x44 src/interrupt.o
 .debug_macro   0x00000a50       0xfd src/interrupt.o
 .debug_macro   0x00000b4d       0x5e src/interrupt.o
 .debug_macro   0x00000bab      0x1df src/interrupt.o
 .debug_macro   0x00000d8a       0x34 src/interrupt.o
 .debug_macro   0x00000dbe       0x26 src/interrupt.o
 .debug_macro   0x00000de4      0x30d src/interrupt.o
 .debug_macro   0x000010f1     0x6d64 src/interrupt.o
 .debug_macro   0x00007e55       0x3c src/interrupt.o
 .debug_macro   0x00007e91       0xc7 src/main.o
 .debug_macro   0x00007f58       0xe3 src/si4463.o
 .debug_macro   0x0000803b      0x14e src/si4463.o
 .debug_macro   0x00008189       0x16 src/si4463.o
 .debug_macro   0x0000819f       0xc7 src/spi.o
 .debug_macro   0x00008266       0xbd src/system_stm32f0xx.o
 .debug_macro   0x00008323       0xc7 src/usart.o

.debug_line     0x00000000     0x1a92
 .debug_line    0x00000000      0x42f src/interrupt.o
 .debug_line    0x0000042f      0x3d1 src/main.o
 .debug_line    0x00000800      0x610 src/si4463.o
 .debug_line    0x00000e10      0x3e4 src/spi.o
 .debug_line    0x000011f4      0x408 src/system_stm32f0xx.o
 .debug_line    0x000015fc      0x419 src/usart.o
 .debug_line    0x00001a15       0x7d startup/startup_stm32.o

.debug_str      0x00000000    0x2e3bb
 .debug_str     0x00000000    0x29dc4 src/interrupt.o
                              0x29f8d (size before relaxing)
 .debug_str     0x00029dc4       0x13 src/main.o
                              0x29ccf (size before relaxing)
 .debug_str     0x00029dd7     0x4464 src/si4463.o
                              0x2e15a (size before relaxing)
 .debug_str     0x0002e23b       0x52 src/spi.o
                              0x29d31 (size before relaxing)
 .debug_str     0x0002e28d       0xdf src/system_stm32f0xx.o
                              0x2a035 (size before relaxing)
 .debug_str     0x0002e36c       0x4f src/usart.o
                              0x29d75 (size before relaxing)

.comment        0x00000000       0x6e
 .comment       0x00000000       0x6e src/interrupt.o
                                 0x6f (size before relaxing)
 .comment       0x0000006e       0x6f src/main.o
 .comment       0x0000006e       0x6f src/si4463.o
 .comment       0x0000006e       0x6f src/spi.o
 .comment       0x0000006e       0x6f src/system_stm32f0xx.o
 .comment       0x0000006e       0x6f src/usart.o

.debug_frame    0x00000000      0x56c
 .debug_frame   0x00000000       0x84 src/interrupt.o
 .debug_frame   0x00000084       0x2c src/main.o
 .debug_frame   0x000000b0      0x234 src/si4463.o
 .debug_frame   0x000002e4       0x4c src/spi.o
 .debug_frame   0x00000330       0x68 src/system_stm32f0xx.o
 .debug_frame   0x00000398       0x6c src/usart.o
 .debug_frame   0x00000404       0x2c c:/ac6/systemworkbench/plugins/fr.ac6.mcu.externaltools.arm-none.win32_1.13.1.201701261202/tools/compiler/bin/../lib/gcc/arm-none-eabi/5.4.1/../../../../arm-none-eabi/lib/armv6-m\libc.a(lib_a-init.o)
 .debug_frame   0x00000430       0x2c c:/ac6/systemworkbench/plugins/fr.ac6.mcu.externaltools.arm-none.win32_1.13.1.201701261202/tools/compiler/bin/../lib/gcc/arm-none-eabi/5.4.1/../../../../arm-none-eabi/lib/armv6-m\libc.a(lib_a-memcpy-stub.o)
 .debug_frame   0x0000045c       0x2c c:/ac6/systemworkbench/plugins/fr.ac6.mcu.externaltools.arm-none.win32_1.13.1.201701261202/tools/compiler/bin/../lib/gcc/arm-none-eabi/5.4.1/../../../../arm-none-eabi/lib/armv6-m\libc.a(lib_a-memset.o)
 .debug_frame   0x00000488       0x54 c:/ac6/systemworkbench/plugins/fr.ac6.mcu.externaltools.arm-none.win32_1.13.1.201701261202/tools/compiler/bin/../lib/gcc/arm-none-eabi/5.4.1/../../../../arm-none-eabi/lib/armv6-m\libc.a(lib_a-__call_atexit.o)
 .debug_frame   0x000004dc       0x28 c:/ac6/systemworkbench/plugins/fr.ac6.mcu.externaltools.arm-none.win32_1.13.1.201701261202/tools/compiler/bin/../lib/gcc/arm-none-eabi/5.4.1/../../../../arm-none-eabi/lib/armv6-m\libc.a(lib_a-atexit.o)
 .debug_frame   0x00000504       0x2c c:/ac6/systemworkbench/plugins/fr.ac6.mcu.externaltools.arm-none.win32_1.13.1.201701261202/tools/compiler/bin/../lib/gcc/arm-none-eabi/5.4.1/../../../../arm-none-eabi/lib/armv6-m\libc.a(lib_a-fini.o)
 .debug_frame   0x00000530       0x3c c:/ac6/systemworkbench/plugins/fr.ac6.mcu.externaltools.arm-none.win32_1.13.1.201701261202/tools/compiler/bin/../lib/gcc/arm-none-eabi/5.4.1/../../../../arm-none-eabi/lib/armv6-m\libc.a(lib_a-__atexit.o)
